[debug] [2025-06-10T01:01:00.950Z] ----------------------------------------------------------------------
[debug] [2025-06-10T01:01:00.952Z] Command:       C:\Program Files\nodejs\node.exe C:\Users\jiban\AppData\Roaming\npm\node_modules\firebase-tools\lib\bin\firebase.js init emulators
[debug] [2025-06-10T01:01:00.952Z] CLI Version:   14.6.0
[debug] [2025-06-10T01:01:00.952Z] Platform:      win32
[debug] [2025-06-10T01:01:00.953Z] Node Version:  v22.16.0
[debug] [2025-06-10T01:01:00.953Z] Time:          Tue Jun 10 2025 06:31:00 GMT+0530 (India Standard Time)
[debug] [2025-06-10T01:01:00.953Z] ----------------------------------------------------------------------
[debug] 
[debug] [2025-06-10T01:01:01.161Z] > command requires scopes: ["email","openid","https://www.googleapis.com/auth/cloudplatformprojects.readonly","https://www.googleapis.com/auth/firebase","https://www.googleapis.com/auth/cloud-platform"]
[debug] [2025-06-10T01:01:01.162Z] > authorizing via signed-in user (tomnjerry042024@gmail.com)
[info] 
     ######## #### ########  ######## ########     ###     ######  ########
     ##        ##  ##     ## ##       ##     ##  ##   ##  ##       ##
     ######    ##  ########  ######   ########  #########  ######  ######
     ##        ##  ##    ##  ##       ##     ## ##     ##       ## ##
     ##       #### ##     ## ######## ########  ##     ##  ######  ########

You're about to initialize a Firebase project in this directory:

  E:\minor project\minor project\abhra\BussPass 1130PM 27MAY 2025\BussPass\BussPass

Before we get started, keep in mind:

  * You are initializing within an existing Firebase project directory

[info] 
=== Project Setup
[info] 
[info] First, let's associate this project directory with a Firebase project.
[info] You can create multiple project aliases by running firebase use --add, 
[info] but for now we'll just set up a default project.
[info] 
[debug] [2025-06-10T01:01:01.184Z] Using project from CLI flag: smartbuss-8c1cb
[debug] [2025-06-10T01:01:01.185Z] Checked if tokens are valid: true, expires at: 1749519225705
[debug] [2025-06-10T01:01:01.186Z] Checked if tokens are valid: true, expires at: 1749519225705
[debug] [2025-06-10T01:01:01.187Z] >>> [apiv2][query] GET https://firebase.googleapis.com/v1beta1/projects/smartbuss-8c1cb [none]
[debug] [2025-06-10T01:01:01.988Z] <<< [apiv2][status] GET https://firebase.googleapis.com/v1beta1/projects/smartbuss-8c1cb 200
[debug] [2025-06-10T01:01:01.988Z] <<< [apiv2][body] GET https://firebase.googleapis.com/v1beta1/projects/smartbuss-8c1cb {"projectId":"smartbuss-8c1cb","projectNumber":"470352021450","displayName":"SmartBuss","name":"projects/smartbuss-8c1cb","resources":{"hostingSite":"smartbuss-8c1cb","realtimeDatabaseInstance":"smartbuss-8c1cb-default-rtdb"},"state":"ACTIVE","etag":"1_e21dd217-f56e-49c2-9d90-9840ea104037"}
[info] i  Using project smartbuss-8c1cb (SmartBuss) 
[info] 
=== Emulators Setup
